###############################################################################
#
# IAR ELF Linker V8.40.2.214/W32 for ARM                  11/Feb/2021  10:17:46
# Copyright 2007-2019 IAR Systems AB.
#
#    Output file  =
#        C:\Users\Николаос\Documents\MyIARprojects\HappyNewYear\Debug\Exe\lab4.out
#    Map file     =
#        C:\Users\Николаос\Documents\MyIARprojects\HappyNewYear\Debug\List\lab4.map
#    Command line =
#        -f C:\Users\D13C~1\AppData\Local\Temp\EW7220.tmp
#        (C:\Users\Николаос\Documents\MyIARprojects\HappyNewYear\Debug\Obj\Button.o
#        C:\Users\Николаос\Documents\MyIARprojects\HappyNewYear\Debug\Obj\Garlands.o
#        C:\Users\Николаос\Documents\MyIARprojects\HappyNewYear\Debug\Obj\led.o
#        C:\Users\Николаос\Documents\MyIARprojects\HappyNewYear\Debug\Obj\main.o
#        C:\Users\Николаос\Documents\MyIARprojects\HappyNewYear\Debug\Obj\pin.o
#        C:\Users\Николаос\Documents\MyIARprojects\HappyNewYear\Debug\Obj\startup.o
#        --no_out_extension -o
#        C:\Users\Николаос\Documents\MyIARprojects\HappyNewYear\Debug\Exe\lab4.out
#        --map
#        C:\Users\Николаос\Documents\MyIARprojects\HappyNewYear\Debug\List\lab4.map
#        --config "C:\Program Files (x86)\IAR Systems\Embedded Workbench
#        8.3\arm\config\linker\ST\stm32f411xE.icf" --semihosting --entry
#        __iar_program_start --vfe --text_out locale)
#
###############################################################################

*******************************************************************************
*** RUNTIME MODEL ATTRIBUTES
***

CppFlavor                     = *
__CPP_Exceptions              = Disabled
__CPP_Language                = C++14
__Heap_Handler                = Basic
__SystemLibrary               = DLib
__dlib_dynamic_initialization = normal
__dlib_version                = 6


*******************************************************************************
*** HEAP SELECTION
***

The basic heap was selected because no calls to memory allocation
functions were found in the application outside of system library
functions, and there are calls to deallocation functions in the
application.


*******************************************************************************
*** PLACEMENT SUMMARY
***

"A0":  place at address 0x800'0000 { ro section .intvec };
"P1":  place in [from 0x800'0000 to 0x807'ffff] { ro };
define block CSTACK with size = 8K, alignment = 8 { };
define block HEAP with size = 8K, alignment = 8 { };
"P2":  place in [from 0x2000'0000 to 0x2001'ffff] {
          rw, block CSTACK, block HEAP };
initialize by copy { rw };

  Section                Kind         Address    Size  Object
  -------                ----         -------    ----  ------
"A0":                                            0xbc
  .intvec                const     0x800'0000    0xbc  startup.o [1]
                                 - 0x800'00bc    0xbc

"P1":                                           0x9da
  .text                  ro code   0x800'00bc   0x1f8  Garlands.o [1]
  .text                  ro code   0x800'02b4    0xa0  pin.o [1]
  .text                  ro code   0x800'0354    0x54  startup.o [1]
  .text                  ro code   0x800'03a8    0x46  Button.o [1]
  .text                  ro code   0x800'03ee    0x2e  led.o [1]
  .text                  ro code   0x800'041c     0xc  pin.o [1]
  .text                  ro code   0x800'0428     0xc  pin.o [1]
  .text                  ro code   0x800'0434     0x2  pin.o [1]
  .text                  ro code   0x800'0436     0x2  pin.o [1]
  .text                  ro code   0x800'0438    0xec  main.o [1]
  .text                  ro code   0x800'0524     0xc  main.o [1]
  .text                  ro code   0x800'0530    0xcc  startup.o [1]
  .text                  ro code   0x800'05fc    0x22  fpinit_M.o [4]
  .text                  ro code   0x800'061e    0x3a  zero_init3.o [5]
  .text                  ro code   0x800'0658    0x1e  cmain.o [5]
  .text                  ro code   0x800'0676    0x2e  copy_init3.o [5]
  .text                  ro code   0x800'06a4    0x28  data_init.o [5]
  .text                  ro code   0x800'06cc     0x4  exit.o [2]
  .text                  ro code   0x800'06d0     0xa  cexit.o [5]
  .text                  ro code   0x800'06da     0x2  startup.o [1]
  .text                  ro code   0x800'06dc    0x14  exit.o [6]
  .rodata                const     0x800'06f0    0x38  pin.o [1]
  .text                  ro code   0x800'0728    0x2c  startup.o [1]
  .text                  ro code   0x800'0754     0xc  startup.o [1]
  .text                  ro code   0x800'0760     0xc  startup.o [1]
  .text                  ro code   0x800'076c    0x2c  startup.o [1]
  .text                  ro code   0x800'0798     0xc  startup.o [1]
  .text                  ro code   0x800'07a4     0xc  startup.o [1]
  .text                  ro code   0x800'07b0    0x2a  startup.o [1]
  .rodata                const     0x800'07da     0x1  unwind_debug.o [6]
  .text                  ro code   0x800'07dc    0x14  startup.o [1]
  .text                  ro code   0x800'07f0    0x12  startup.o [1]
  .text                  ro code   0x800'0804     0xc  startup.o [1]
  .text                  ro code   0x800'0810     0xc  startup.o [1]
  .text                  ro code   0x800'081c    0x14  startup.o [1]
  .text                  ro code   0x800'0830    0x10  startup.o [1]
  .text                  ro code   0x800'0840     0xc  startup.o [1]
  .rodata                const     0x800'084c    0x28  startup.o [1]
  .rodata                const     0x800'0874    0x28  startup.o [1]
  .text                  ro code   0x800'089c    0x24  startup.o [1]
  .text                  ro code   0x800'08c0    0x10  startup.o [1]
  .text                  ro code   0x800'08d0    0x10  startup.o [1]
  .iar.init_table        const     0x800'08e0    0x28  - Linker created -
  .text                  ro code   0x800'0908    0x20  cmain_call_ctors.o [5]
  .text                  ro code   0x800'0928    0x18  cppinit.o [2]
  .rodata                const     0x800'0940    0x18  startup.o [1]
  .text                  ro code   0x800'0958    0x18  startup.o [1]
  .text                  ro code   0x800'0970    0x14  startup.o [1]
  .text                  ro code   0x800'0984    0x14  startup.o [1]
  .text                  ro code   0x800'0998    0x12  startup.o [1]
  .text                  ro code   0x800'09aa    0x12  startup.o [1]
  .text                  ro code   0x800'09bc     0xc  startup.o [1]
  .text                  ro code   0x800'09c8    0x12  startup.o [1]
  .text                  ro code   0x800'09dc     0xc  startup.o [1]
  .text                  ro code   0x800'09e8    0x10  startup.o [1]
  .text                  ro code   0x800'09f8    0x10  startup.o [1]
  .text                  ro code   0x800'0a08    0x10  startup.o [1]
  .text                  ro code   0x800'0a18    0x10  startup.o [1]
  .text                  ro code   0x800'0a28    0x10  startup.o [1]
  .text                  ro code   0x800'0a38    0x10  startup.o [1]
  Initializer bytes      const     0x800'0a48    0x10  <for P2-1>
  SHT$$PREINIT_ARRAY               0x800'0a58     0x0  <Block>
  SHT$$INIT_ARRAY                  0x800'0a58     0xc  <Block>
    .init_array          const     0x800'0a58     0x4  Garlands.o [1]
    .init_array          const     0x800'0a5c     0x4  main.o [1]
    .init_array          const     0x800'0a60     0x4  startup.o [1]
  __iar_tls$$INIT_ARRAY            0x800'0a64     0x0  <Block>
  .text                  ro code   0x800'0a64     0xa  startup.o [1]
  .text                  ro code   0x800'0a6e     0xa  startup.o [1]
  .text                  ro code   0x800'0a78     0xa  startup.o [1]
  .text                  ro code   0x800'0a82     0xa  startup.o [1]
  .text                  ro code   0x800'0a8c     0xa  startup.o [1]
  .rodata                const     0x800'0a96     0x0  zero_init3.o [5]
  .rodata                const     0x800'0a96     0x0  copy_init3.o [5]
                                 - 0x800'0a96   0x9da

"P2", part 1 of 3:                               0x10
  P2-1                            0x2000'0000    0x10  <Init block>
    .data                inited   0x2000'0000     0x4  startup.o [1]
    .data                inited   0x2000'0004     0x4  startup.o [1]
    .data                inited   0x2000'0008     0x4  startup.o [1]
    .data                inited   0x2000'000c     0x2  Garlands.o [1]
    .data                inited   0x2000'000e     0x1  Garlands.o [1]
    .data                inited   0x2000'000f     0x1  Garlands.o [1]
                                - 0x2000'0010    0x10

"P2", part 2 of 3:                               0x70
  .bss                   zero     0x2000'0010    0x18  startup.o [1]
  .bss                   zero     0x2000'0028    0x10  startup.o [1]
  .bss                   zero     0x2000'0038    0x10  startup.o [1]
  .bss                   zero     0x2000'0048    0x10  startup.o [1]
  .bss                   zero     0x2000'0058    0x10  startup.o [1]
  .bss                   zero     0x2000'0068    0x10  startup.o [1]
  .bss                   zero     0x2000'0078     0x1  startup.o [1]
  .bss                   zero     0x2000'0079     0x1  startup.o [1]
  .bss                   zero     0x2000'007a     0x1  startup.o [1]
  .bss                   zero     0x2000'007b     0x1  startup.o [1]
  .bss                   zero     0x2000'007c     0x1  startup.o [1]
  .bss                   zero     0x2000'007d     0x1  startup.o [1]
                                - 0x2000'007e    0x6e

"P2", part 3 of 3:                             0x2000
  CSTACK                          0x2000'0080  0x2000  <Block>
    CSTACK               uninit   0x2000'0080  0x2000  <Block tail>
                                - 0x2000'2080  0x2000

Unused ranges:

         From           To      Size
         ----           --      ----
   0x800'0a96   0x807'ffff  0x7'f56a
  0x2000'2080  0x2001'ffff  0x1'df80


*******************************************************************************
*** INIT TABLE
***

          Address      Size
          -------      ----
Zero (__iar_zero_init3)
    1 destination range, total size 0x6e:
          0x2000'0010  0x6e

Copy (__iar_copy_init3)
    1 source range, total size 0x10:
           0x800'0a48  0x10
    1 destination range, total size 0x10:
          0x2000'0000  0x10

Extra (__iar_cstart_call_ctors)



*******************************************************************************
*** MODULE SUMMARY
***

    Module              ro code  ro data  rw data
    ------              -------  -------  -------
command line/config:
    ---------------------------------------------
    Total:

C:\Users\Николаос\Documents\MyIARprojects\HappyNewYear\Debug\Obj: [1]
    Button.o                 70
    Garlands.o              504        8        4
    led.o                    46
    main.o                  248        4
    pin.o                   188       56
    startup.o               934      308      122
    ---------------------------------------------
    Total:                1'990      376      126

dl7M_tln.a: [2]
    cppinit.o                24
    exit.o                    4
    ---------------------------------------------
    Total:                   28

dlpp7M_tl_nc.a: [3]
    ---------------------------------------------
    Total:

m7M_tls.a: [4]
    fpinit_M.o               34
    ---------------------------------------------
    Total:                   34

rt7M_tl.a: [5]
    cexit.o                  10
    cmain.o                  30
    cmain_call_ctors.o       32
    copy_init3.o             46
    data_init.o              40
    zero_init3.o             58
    ---------------------------------------------
    Total:                  216

shb_l.a: [6]
    exit.o                   20
    unwind_debug.o                     1
    ---------------------------------------------
    Total:                   20        1

    Gaps                      5
    Linker created                    40    8'192
-------------------------------------------------
    Grand Total:          2'293      417    8'318


*******************************************************************************
*** ENTRY LIST
***

Entry                       Address  Size  Type      Object
-----                       -------  ----  ----      ------
.iar.init_table$$Base    0x800'08e0         --   Gb  - Linker created -
.iar.init_table$$Limit   0x800'0908         --   Gb  - Linker created -
?main                    0x800'0659        Code  Gb  cmain.o [5]
Button::Button(IButtonPin &)
                         0x800'03d1   0x4  Code  Gb  Button.o [1]
Button::Enable()         0x800'03d5  0x1a  Code  Gb  Button.o [1]
Button::WasPressed()     0x800'03a9  0x28  Code  Gb  Button.o [1]
CSTACK$$Base            0x2000'0080         --   Gb  - Linker created -
CSTACK$$Limit           0x2000'2080         --   Gb  - Linker created -
Garlands::ButtonPressed()
                         0x800'0211   0xe  Code  Gb  Garlands.o [1]
Garlands::Enable()       0x800'0141  0x3c  Code  Gb  Garlands.o [1]
Garlands::Garlands()     0x800'0355  0x54  Code  Gb  startup.o [1]
Garlands::PeriodUpdate()
                         0x800'021f  0x40  Code  Gb  Garlands.o [1]
Garlands::PeriodUpdate()::period
                        0x2000'000c   0x2  Data  Lc  Garlands.o [1]
Garlands::PeriodUpdate()::periodDirection
                        0x2000'000f   0x1  Data  Lc  Garlands.o [1]
Garlands::SetPeriod(unsigned int)
                         0x800'01fd  0x14  Code  Gb  Garlands.o [1]
Garlands::Start()        0x800'02a5  0x10  Code  Gb  Garlands.o [1]
Garlands::Switch()       0x800'017d  0x80  Code  Gb  Garlands.o [1]
Garlands::Switch()::counterLedNum
                        0x2000'000e   0x1  Data  Lc  Garlands.o [1]
IButtonPin::IButtonPin()
                         0x800'0435   0x2  Code  Gb  pin.o [1]
IButtonPin::IButtonPin() [subobject]
                         0x800'041d   0xc  Code  Gb  pin.o [1]
ILedPin::ILedPin()       0x800'0437   0x2  Code  Gb  pin.o [1]
ILedPin::ILedPin() [subobject]
                         0x800'0429   0xc  Code  Gb  pin.o [1]
Initialization guard variable for garlands
                        0x2000'007d   0x1  Data  Gb  startup.o [1]
Initialization guard variable for pinButton
                        0x2000'007c   0x1  Data  Gb  startup.o [1]
Initialization guard variable for pinLed1
                        0x2000'0078   0x1  Data  Gb  startup.o [1]
Initialization guard variable for pinLed2
                        0x2000'0079   0x1  Data  Gb  startup.o [1]
Initialization guard variable for pinLed3
                        0x2000'007a   0x1  Data  Gb  startup.o [1]
Initialization guard variable for pinLed4
                        0x2000'007b   0x1  Data  Gb  startup.o [1]
InterruptHandler::DummyHandler()
                         0x800'06db   0x2  Code  Gb  startup.o [1]
InterruptHandler::Timer2Handler()
                         0x800'089d  0x24  Code  Gb  startup.o [1]
Led::Enable()            0x800'0403  0x1a  Code  Gb  led.o [1]
Led::Led(ILedPin &)      0x800'03ef   0x4  Code  Gb  led.o [1]
Led::Toggle()            0x800'03f3  0x10  Code  Gb  led.o [1]
Pin::Enable()            0x800'030d  0x1e  Code  Gb  pin.o [1]
Pin::IsSet()             0x800'02f9  0x12  Code  Gb  pin.o [1]
Pin::Pin(unsigned char, IPort &)
                         0x800'02b5  0x28  Code  Gb  pin.o [1]
Pin::SelectInputMode()   0x800'032b  0x14  Code  Gb  pin.o [1]
Pin::SelectOutputMode()
                         0x800'0341  0x14  Code  Gb  pin.o [1]
Pin::Toggle()            0x800'02e7  0x12  Code  Gb  pin.o [1]
Port<GPIOA>::Enable()    0x800'0a6f   0xa  Code  Gb  startup.o [1]
Port<GPIOA>::IsEnable()
                         0x800'0a83   0xa  Code  Gb  startup.o [1]
Port<GPIOA>::IsSet(unsigned char)
                         0x800'09c9  0x12  Code  Gb  startup.o [1]
Port<GPIOA>::ModeSet(unsigned char, Moder)
                         0x800'076d  0x2c  Code  Gb  startup.o [1]
Port<GPIOA>::Toggle(unsigned char)
                         0x800'0a39  0x10  Code  Gb  startup.o [1]
Port<GPIOC>::Enable()    0x800'0a65   0xa  Code  Gb  startup.o [1]
Port<GPIOC>::IsEnable()
                         0x800'0a79   0xa  Code  Gb  startup.o [1]
Port<GPIOC>::IsSet(unsigned char)
                         0x800'09ab  0x12  Code  Gb  startup.o [1]
Port<GPIOC>::ModeSet(unsigned char, Moder)
                         0x800'0729  0x2c  Code  Gb  startup.o [1]
Port<GPIOC>::Toggle(unsigned char)
                         0x800'0a29  0x10  Code  Gb  startup.o [1]
Region$$Table$$Base      0x800'08e0         --   Gb  - Linker created -
Region$$Table$$Limit     0x800'0908         --   Gb  - Linker created -
SHT$$INIT_ARRAY$$Base    0x800'0a58         --   Gb  - Linker created -
SHT$$INIT_ARRAY$$Limit   0x800'0a64         --   Gb  - Linker created -
SHT$$PREINIT_ARRAY$$Base
                         0x800'0a58         --   Gb  - Linker created -
SHT$$PREINIT_ARRAY$$Limit
                         0x800'0a58         --   Gb  - Linker created -
Thunk for (offset -4) Pin::Enable()
                         0x800'030b   0x2  Code  Gb  pin.o [1]
Thunk for (offset -4) Pin::SelectOutputMode()
                         0x800'033f   0x2  Code  Gb  pin.o [1]
Thunk for (offset -4) Pin::Toggle()
                         0x800'02e5   0x2  Code  Gb  pin.o [1]
Timer<TIM2, (unsigned int)8000000>::Enable()
                         0x800'07b1  0x2a  Code  Gb  startup.o [1]
Timer<TIM2, (unsigned int)8000000>::SetPeriod(unsigned int)
                         0x800'0959  0x18  Code  Gb  startup.o [1]
Timer<TIM2, (unsigned int)8000000>::Start()
                         0x800'0a8d   0xa  Code  Gb  startup.o [1]
Virtual function table for Pin
                         0x800'06f0  0x38  Data  Gb  pin.o [1]
Virtual function table for Port<GPIOA>
                         0x800'0874  0x28  Data  Gb  startup.o [1]
Virtual function table for Port<GPIOC>
                         0x800'084c  0x28  Data  Gb  startup.o [1]
Virtual function table for Timer<TIM2, (unsigned int)8000000>
                         0x800'0940  0x18  Data  Gb  startup.o [1]
__call_ctors             0x800'0929  0x18  Code  Gb  cppinit.o [2]
__cmain                  0x800'0659        Code  Gb  cmain.o [5]
__exit                   0x800'06dd  0x14  Code  Gb  exit.o [6]
__iar_copy_init3         0x800'0677  0x2e  Code  Gb  copy_init3.o [5]
__iar_cstart_call_ctors
                         0x800'0909  0x20  Code  Gb  cmain_call_ctors.o [5]
__iar_data_init3         0x800'06a5  0x28  Code  Gb  data_init.o [5]
__iar_debug_exceptions   0x800'07da   0x1  Data  Gb  unwind_debug.o [6]
__iar_init_vfp           0x800'05fd        Code  Gb  fpinit_M.o [4]
__iar_program_start      0x800'05ed  0x10  Code  Gb  startup.o [1]
__iar_tls$$INIT_ARRAY$$Base
                         0x800'0a64         --   Gb  - Linker created -
__iar_tls$$INIT_ARRAY$$Limit
                         0x800'0a64         --   Gb  - Linker created -
__iar_zero_init3         0x800'061f  0x3a  Code  Gb  zero_init3.o [5]
__low_level_init         0x800'04bd   0xe  Code  Gb  main.o [1]
__sti__routine           0x800'00bd  0x84  Code  Lc  Garlands.o [1]
__sti__routine           0x800'0439  0x84  Code  Lc  main.o [1]
__sti__routine           0x800'0531  0x84  Code  Lc  startup.o [1]
__vector_table           0x800'0000  0xbc  Data  Lc  startup.o [1]
_call_main               0x800'0665        Code  Gb  cmain.o [5]
_exit                    0x800'06d1        Code  Gb  cexit.o [5]
_main                    0x800'0673        Code  Gb  cmain.o [5]
bool FieldValueBase<RCC_AHB1ENR_DMA2EN_Values<RCC::AHB1ENR, (unsigned int)0, (unsigned int)1, ReadWriteMode, RCC::RCCAHB1ENRBase>, RCC::RCCAHB1ENRBase, (unsigned int)1>::IsSet<ReadWriteMode, void>()
                         0x800'09f9  0x10  Code  Gb  startup.o [1]
bool FieldValueBase<RCC_AHB1ENR_DMA2EN_Values<RCC::AHB1ENR, (unsigned int)2, (unsigned int)1, ReadWriteMode, RCC::RCCAHB1ENRBase>, RCC::RCCAHB1ENRBase, (unsigned int)1>::IsSet<ReadWriteMode, void>()
                         0x800'09e9  0x10  Code  Gb  startup.o [1]
bool FieldValueBase<TIM2_DIER_UIE_Values<TIM2::DIER, (unsigned int)0, (unsigned int)1, ReadWriteMode, TIM2::TIM2DIERBase>, TIM2::TIM2DIERBase, (unsigned int)1>::IsSet<ReadWriteMode, void>()
                         0x800'08d1  0x10  Code  Gb  startup.o [1]
bool FieldValueBase<TIM2_SR_UIF_Values<TIM2::SR, (unsigned int)0, (unsigned int)1, ReadWriteMode, TIM2::TIM2SRBase>, TIM2::TIM2SRBase, (unsigned int)1>::IsSet<ReadWriteMode, void>()
                         0x800'08c1  0x10  Code  Gb  startup.o [1]
exit                     0x800'06cd   0x4  Code  Gb  exit.o [2]
garlands                0x2000'0010  0x18  Data  Gb  startup.o [1]
main                     0x800'04cb  0x22  Code  Gb  main.o [1]
pinButton               0x2000'0068  0x10  Data  Gb  startup.o [1]
pinLed1                 0x2000'0028  0x10  Data  Gb  startup.o [1]
pinLed2                 0x2000'0038  0x10  Data  Gb  startup.o [1]
pinLed3                 0x2000'0048  0x10  Data  Gb  startup.o [1]
pinLed4                 0x2000'0058  0x10  Data  Gb  startup.o [1]
portA                   0x2000'0004   0x4  Data  Gb  startup.o [1]
portC                   0x2000'0000   0x4  Data  Gb  startup.o [1]
tim2                    0x2000'0008   0x4  Data  Gb  startup.o [1]
unsigned int RegisterBase<(unsigned int)1073872896, (unsigned int)32, ReadWriteMode>::Get<ReadWriteMode, void>()
                         0x800'0799   0xc  Code  Gb  startup.o [1]
unsigned int RegisterBase<(unsigned int)1073872912, (unsigned int)32, ReadMode>::Get<ReadMode, void>()
                         0x800'09dd   0xc  Code  Gb  startup.o [1]
unsigned int RegisterBase<(unsigned int)1073874944, (unsigned int)32, ReadWriteMode>::Get<ReadWriteMode, void>()
                         0x800'0755   0xc  Code  Gb  startup.o [1]
unsigned int RegisterBase<(unsigned int)1073874960, (unsigned int)32, ReadMode>::Get<ReadMode, void>()
                         0x800'09bd   0xc  Code  Gb  startup.o [1]
void FieldValueBase<RCC_AHB1ENR_DMA2EN_Values<RCC::AHB1ENR, (unsigned int)0, (unsigned int)1, ReadWriteMode, RCC::RCCAHB1ENRBase>, RCC::RCCAHB1ENRBase, (unsigned int)1>::Set<ReadWriteMode, void>()
                         0x800'0985  0x14  Code  Gb  startup.o [1]
void FieldValueBase<RCC_AHB1ENR_DMA2EN_Values<RCC::AHB1ENR, (unsigned int)2, (unsigned int)1, ReadWriteMode, RCC::RCCAHB1ENRBase>, RCC::RCCAHB1ENRBase, (unsigned int)1>::Set<ReadWriteMode, void>()
                         0x800'0971  0x14  Code  Gb  startup.o [1]
void FieldValueBase<RCC_AHB1ENR_DMA2EN_Values<RCC::APB1ENR, (unsigned int)0, (unsigned int)1, ReadWriteMode, RCC::RCCAPB1ENRBase>, RCC::RCCAPB1ENRBase, (unsigned int)1>::Set<ReadWriteMode, void>()
                         0x800'07dd  0x14  Code  Gb  startup.o [1]
void FieldValueBase<TIM2_CR1_CEN_Values<TIM2::CR1, (unsigned int)0, (unsigned int)1, ReadWriteMode, TIM2::TIM2CR1Base>, TIM2::TIM2CR1Base, (unsigned int)1>::Set<ReadWriteMode, void>()
                         0x800'0999  0x12  Code  Gb  startup.o [1]
void FieldValueBase<TIM2_CR1_URS_Values<TIM2::CR1, (unsigned int)2, (unsigned int)1, ReadWriteMode, TIM2::TIM2CR1Base>, TIM2::TIM2CR1Base, (unsigned int)1>::Set<ReadWriteMode, void>()
                         0x800'07f1  0x12  Code  Gb  startup.o [1]
void FieldValueBase<TIM2_DIER_UIE_Values<TIM2::DIER, (unsigned int)0, (unsigned int)1, ReadWriteMode, TIM2::TIM2DIERBase>, TIM2::TIM2DIERBase, (unsigned int)1>::Set<ReadWriteMode, void>()
                         0x800'081d  0x14  Code  Gb  startup.o [1]
void FieldValueBase<TIM2_SR_UIF_Values<TIM2::SR, (unsigned int)0, (unsigned int)1, ReadWriteMode, TIM2::TIM2SRBase>, TIM2::TIM2SRBase, (unsigned int)0>::Set<ReadWriteMode, void>()
                         0x800'0831  0x10  Code  Gb  startup.o [1]
void RegisterBase<(unsigned int)1073741860, (unsigned int)32, ReadWriteMode>::Write<ReadWriteMode, void>(unsigned int)
                         0x800'0841   0xc  Code  Gb  startup.o [1]
void RegisterBase<(unsigned int)1073741864, (unsigned int)32, ReadWriteMode>::Write<ReadWriteMode, void>(unsigned int)
                         0x800'0811   0xc  Code  Gb  startup.o [1]
void RegisterBase<(unsigned int)1073741868, (unsigned int)32, ReadWriteMode>::Write<ReadWriteMode, void>(unsigned int)
                         0x800'0805   0xc  Code  Gb  startup.o [1]
void RegisterBase<(unsigned int)1073872896, (unsigned int)32, ReadWriteMode>::Write<ReadWriteMode, void>(unsigned int)
                         0x800'07a5   0xc  Code  Gb  startup.o [1]
void RegisterBase<(unsigned int)1073872916, (unsigned int)32, ReadWriteMode>::Toggle<ReadWriteMode, void>(unsigned int)
                         0x800'0a19  0x10  Code  Gb  startup.o [1]
void RegisterBase<(unsigned int)1073874944, (unsigned int)32, ReadWriteMode>::Write<ReadWriteMode, void>(unsigned int)
                         0x800'0761   0xc  Code  Gb  startup.o [1]
void RegisterBase<(unsigned int)1073874964, (unsigned int)32, ReadWriteMode>::Toggle<ReadWriteMode, void>(unsigned int)
                         0x800'0a09  0x10  Code  Gb  startup.o [1]
void RegisterBase<(unsigned int)3758153984, (unsigned int)32, ReadWriteMode>::Write<ReadWriteMode, void>(unsigned int)
                         0x800'0525   0xc  Code  Gb  main.o [1]


[1] = C:\Users\Николаос\Documents\MyIARprojects\HappyNewYear\Debug\Obj
[2] = dl7M_tln.a
[3] = dlpp7M_tl_nc.a
[4] = m7M_tls.a
[5] = rt7M_tl.a
[6] = shb_l.a

  2'293 bytes of readonly  code memory
    417 bytes of readonly  data memory
  8'318 bytes of readwrite data memory

Errors: none
Warnings: none
